версия b1
=========
Создал Laravel проект :
$ composer create-project laravel/laravel mini-project-1

В phpMyAdmin создал БД для данного проекта : mini-project-1

В Laravel, в .env прописал название БД, пользователя и пароль.

Дописал нужные мне колонки/поля в файл миграции database/migrations/...create_users_table.php
Сделал миграцию :
$ php artisan migrate

Сгенерировал ресурсный контроллер UsersController :
$ php artisan make:controller -r UsersController
В него добавил метод showAddUserPage()

В роутер web.php добавил маршрут 'add-user' => 'UsersController@showAddUserPage'


Фронт-энд :
Добавил страницу resources/view/add-user.blade.php
Добавил файл resources/sass/_add-user.scss
Включил _add-user.scss => app.scss

Установил модули из package.json :
$ npm run install

Запустил Laravel Mix - компиляция CSS и JS для фронт-энда :
$ npm run watch

версия b2
=========
Валидация - https://laravel.com/docs/5.8/validation
Переделал страницы.

Как определить свои ошибки валидации : https://laravel.com/docs/5.8/validation#customizing-the-error-messages

Как русифировать Laravel, включая ошибки :

1. Установить в проект языковые файлы :
$ composer require caouecs/laravel-lang:~4.0
Это установит папку с русскозычными файлами сюда : vendor/caouecs/src/ru : *.php

2. Скопировать эту папку ru/*.php сюда => resources/lang

3. В config/app.php измени:  'locale' => 'ru'

Правда русификация ошибок валидации частично внятная : "Выбранное значение для sponsor id некорректно."
Т.е. в любом случае лучше самому явно прописать ошибки.
Сделаю это в следующей части.



